<session>
  <modelVersion>1.0.0</modelVersion>
  <products>
    <product>
      <refNo>1</refNo>
      <uri>S3A_OL_1_EFR____20160605T074147_20160605T074447_20160606T174711_0180_005_049_3419_LN1_O_NT_001.SEN3/xfdumanifest.xml</uri>
      <productReaderPlugin>class org.esa.s3tbx.dataio.s3.Sentinel3ProductReaderPlugIn</productReaderPlugin>
    </product>
  </products>
  <views/>
</session>